{"event": "source_loaded", "key": [0, 0, "down"], "normalized_second_moment": 0.9990571540632041, "sha256": "929c18ac0204ef7f0aaa199b4cc4c5c9d4e60862d7b1a10274e83de955c06101", "split": "fit"}
{"event": "source_loaded", "key": [0, 0, "up"], "normalized_second_moment": 0.9988720415241946, "sha256": "06a6f1fb3d54b4f7f9367914b5ed268510ddb06f153212cb6cf1ca56faa93545", "split": "fit"}
{"event": "source_loaded", "key": [0, 31, "down"], "normalized_second_moment": 0.9993741399330673, "sha256": "0c08d01991c2f870e46d0c477173aebe62ce28ce67ddfc424f7825da55c75651", "split": "fit"}
{"event": "source_loaded", "key": [0, 31, "up"], "normalized_second_moment": 0.9990436260264918, "sha256": "9a26478d8d1059ff1663125d351bfbf4fb6ed7de8446fea89c5fcf9145680ed2", "split": "fit"}
{"event": "source_loaded", "key": [0, 63, "down"], "normalized_second_moment": 0.999842346841363, "sha256": "caa8f1d0dd7b3dcde2ad977d2ca675d4e4e4c1b48206f133d8be870e89d686dc", "split": "fit"}
{"event": "source_loaded", "key": [0, 63, "up"], "normalized_second_moment": 0.9983070532034296, "sha256": "f9ed7a0199f1df7222935f1cffdf6247b0864618c9a9ca1d94e950dd366f5682", "split": "fit"}
{"event": "source_loaded", "key": [0, 127, "down"], "normalized_second_moment": 0.9993951807198611, "sha256": "2ddd6458b7f46dd932f7328edde6d955e90c890a900b3d8f07a8a492a12f392f", "split": "fit"}
{"event": "source_loaded", "key": [0, 127, "up"], "normalized_second_moment": 0.999503915937512, "sha256": "9d4d73968ea1909224cf2e86ddb565e18e69919ed6f65340cc74cad368bd4ae0", "split": "fit"}
{"event": "source_loaded", "key": [2, 45, "down"], "normalized_second_moment": 0.9996704924328775, "sha256": "e20c542dc9d64d8221746a12bb031015a45c90bdca53a5a7376dc4fc31b711e5", "split": "fit"}
{"event": "source_loaded", "key": [2, 45, "up"], "normalized_second_moment": 0.9992593322951034, "sha256": "9ec0b7298999586a712f5bee48c6982cf8bb436807694bac938466f2fa9244c0", "split": "fit"}
{"event": "source_loaded", "key": [2, 111, "down"], "normalized_second_moment": 0.999168817176466, "sha256": "82fc14952c21ea90261d06bd3415c64ff4a29bbb69588f6ee8a3a619327205b3", "split": "fit"}
{"event": "source_loaded", "key": [2, 111, "up"], "normalized_second_moment": 0.9989213892621542, "sha256": "0c26b7240d145e8eb53f0884f09d961d560128491288b21b7330cd9a9c91fd8b", "split": "fit"}
{"event": "source_loaded", "key": [4, 71, "down"], "normalized_second_moment": 0.9997875668916802, "sha256": "93f050189eb0e79821bada6c55f10d035c9f74c7924d8ceb340299b8084ae3f0", "split": "fit"}
{"event": "source_loaded", "key": [4, 71, "up"], "normalized_second_moment": 0.9994261588783212, "sha256": "2cfc871d23c4801e7354934a9b3d4d176f0ab204f2b1a738997cb6e4ca3a8f47", "split": "fit"}
{"event": "source_loaded", "key": [6, 23, "down"], "normalized_second_moment": 0.999076168332005, "sha256": "d5b458671f44dd7c2ef3de88385bb400a026744c7b8a585a9e9f0d16b67e49d0", "split": "fit"}
{"event": "source_loaded", "key": [6, 23, "up"], "normalized_second_moment": 0.9991559248210513, "sha256": "495203500a726a7e7718164aa4e94685f2b21c675b6c902c93ed9445ebbf3433", "split": "fit"}
{"event": "source_loaded", "key": [6, 103, "down"], "normalized_second_moment": 0.9989263642603166, "sha256": "b7b05c09f71f5b733e46f27233bb30c9668458e7e6423ff36227fac7287c8b8a", "split": "fit"}
{"event": "source_loaded", "key": [6, 103, "up"], "normalized_second_moment": 0.9996236950969862, "sha256": "fd98458cec8e42ae1e3b32894cf5ff4128c63f1d9e0ff50c428e35e5adbae08c", "split": "fit"}
{"event": "source_loaded", "key": [8, 53, "down"], "normalized_second_moment": 0.9990161526667363, "sha256": "4d5562bc2a34e3411461037eafd075d077798b9b866ad29236a1326a5964611b", "split": "fit"}
{"event": "source_loaded", "key": [8, 53, "up"], "normalized_second_moment": 0.9999321772454525, "sha256": "9d1573e66214b7ce31620b0817f04dff8664abc0c7eee6930ebaac97874c28a3", "split": "fit"}
{"event": "source_loaded", "key": [8, 119, "down"], "normalized_second_moment": 0.9989537684670716, "sha256": "c8f3718676a8863ec1fd6274f9447669efb988cbcd1d852e87b3212ccec68aa7", "split": "fit"}
{"event": "source_loaded", "key": [8, 119, "up"], "normalized_second_moment": 0.999218539157758, "sha256": "2fa62276c6442560c4e3fcdfcecc9719342db3bf514ec95bcd6cf80390bda1af", "split": "fit"}
{"event": "source_loaded", "key": [14, 45, "down"], "normalized_second_moment": 0.9993747473436629, "sha256": "be7c749621c1bb28cc94a6e5cf39a361788dd48d55c51c84d60b34822e4250a0", "split": "fit"}
{"event": "source_loaded", "key": [14, 45, "up"], "normalized_second_moment": 0.9991079324777806, "sha256": "a922e94ce1b833f5a2355f6e8445b0c9894d75655f221ce3312e665f0a995e4f", "split": "fit"}
{"event": "source_loaded", "key": [14, 111, "down"], "normalized_second_moment": 0.9989553067797763, "sha256": "958893a77a08afba0f2e1b8d09e2786c0c73806ddbc4f62b229b5a75a9c2c71b", "split": "fit"}
{"event": "source_loaded", "key": [14, 111, "up"], "normalized_second_moment": 0.9991509826693526, "sha256": "d97f0496cd06f1a204e1fc74526ab774fc1bc83026316229aa49c9bef21bdafc", "split": "fit"}
{"event": "source_loaded", "key": [15, 0, "down"], "normalized_second_moment": 0.9989439403077732, "sha256": "e6b685798fcefec0a74645d5cdafce0582b0c9ca119eb43a84a7186253ba255a", "split": "fit"}
{"event": "source_loaded", "key": [15, 0, "up"], "normalized_second_moment": 0.9996169665102957, "sha256": "15e0782da2120ab5369ec88bd3d4ae3a677ed0e63b38b48f2f622a72d1f574b6", "split": "fit"}
{"event": "source_loaded", "key": [15, 31, "down"], "normalized_second_moment": 0.9993208058094588, "sha256": "cc6e640c8ab8ec90f084ec95c446ffb8c5bf26a76504740e4ad5cd19ec66a7ae", "split": "fit"}
{"event": "source_loaded", "key": [15, 31, "up"], "normalized_second_moment": 0.998916327865493, "sha256": "a58cc4ad0c23de773e8d716f00febbc60d27eb689759ecd653a895f24f2e5b48", "split": "fit"}
{"event": "source_loaded", "key": [15, 63, "down"], "normalized_second_moment": 0.9990096173156232, "sha256": "d7da0a15ab457a6a3176dcca5e25baea92b83a9c87d4f0f74379c8c1d5ed78f2", "split": "fit"}
{"event": "source_loaded", "key": [15, 63, "up"], "normalized_second_moment": 0.9989077663014699, "sha256": "52a4e82e172d1ced967872d88197478cedbb468c170e0f3184ee74aea8f97e37", "split": "fit"}
{"event": "source_loaded", "key": [15, 127, "down"], "normalized_second_moment": 0.998859513279441, "sha256": "dde0bcc3427b453ce2c10663d2855958965e1343da31bfa5de562599030ddb0a", "split": "fit"}
{"event": "source_loaded", "key": [15, 127, "up"], "normalized_second_moment": 0.9996040574912762, "sha256": "a9fa9211722dcc1dc7c2bc99904081f7113212bc8ef42377a465f978763fde2a", "split": "fit"}
{"event": "source_loaded", "key": [16, 53, "down"], "normalized_second_moment": 0.999594092780427, "sha256": "779ef6fd0f1abba92f014055464dbbb47b7ab4fce8bbce39c9c896e56779809d", "split": "fit"}
{"event": "source_loaded", "key": [16, 53, "up"], "normalized_second_moment": 0.999984695674769, "sha256": "f8a2da0dca1b1bd9c9b1ee629c8181bf7e8b51d9b234c89644b852ab0cebb6e7", "split": "fit"}
{"event": "source_loaded", "key": [16, 119, "down"], "normalized_second_moment": 0.9990331722579523, "sha256": "fcafb99274b658ad91816bfd5e542aaf2ecce2f0880c0f4cc5fb42742ccad4b2", "split": "fit"}
{"event": "source_loaded", "key": [16, 119, "up"], "normalized_second_moment": 0.9998879887229579, "sha256": "bdef9ab9a3afc1e18e8a0708f4926d31fc4eb1ed6062e914120af1e71592292d", "split": "fit"}
{"event": "source_loaded", "key": [20, 71, "down"], "normalized_second_moment": 0.9995558552964777, "sha256": "d1c2980a0debbb323f11b6c7f09270862373dfd849e2117a2c646e4865272997", "split": "fit"}
{"event": "source_loaded", "key": [20, 71, "up"], "normalized_second_moment": 0.9994430876587209, "sha256": "c758395f5adb11f67000a09a10555b9d698d3935620c8bbef707182ec41a3fee", "split": "fit"}
{"event": "source_loaded", "key": [24, 53, "down"], "normalized_second_moment": 0.9994549887625142, "sha256": "5ba1a6466f3c90f50f0842cce3539986284ccbcfc78c141322d966ac0c553249", "split": "fit"}
{"event": "source_loaded", "key": [24, 53, "up"], "normalized_second_moment": 0.9989299766247902, "sha256": "69645556637ddcc5973cf26447e5b7f3e8df84ff4c5f79bcc28abcc15d985d62", "split": "fit"}
{"event": "source_loaded", "key": [24, 119, "down"], "normalized_second_moment": 0.9996494241175905, "sha256": "7356083aa2574e4b16833ceeb3a41184a7cb1ee79a26d3c488c4e325346d3915", "split": "fit"}
{"event": "source_loaded", "key": [24, 119, "up"], "normalized_second_moment": 0.9991549381758825, "sha256": "9cdcf97d66c10276aea1c253592f52e777d4009de032a457362793d501274f86", "split": "fit"}
{"event": "source_loaded", "key": [26, 45, "down"], "normalized_second_moment": 0.9996713428825575, "sha256": "c7b3a0f4cbdaf3b363b7e1f00fcd93f577c834265d2f7fae8bac5d7ed8b27c23", "split": "fit"}
{"event": "source_loaded", "key": [26, 45, "up"], "normalized_second_moment": 0.9993107262564617, "sha256": "72786a610997287a3368358044feaf7b1adb8ca944af302b5c8df20c74f8ae5a", "split": "fit"}
{"event": "source_loaded", "key": [26, 111, "down"], "normalized_second_moment": 0.9997833019660463, "sha256": "9394d0f89f58cad135cc8ad8d96b07c9dfac93bcbb91fe1242bfa0fefaf9ecf1", "split": "fit"}
{"event": "source_loaded", "key": [26, 111, "up"], "normalized_second_moment": 0.9988765948106179, "sha256": "ac14e9d879f19c815ba2d6b46881f9e0b97ede83b511e3973a6a2f3836d3bdde", "split": "fit"}
{"event": "source_loaded", "key": [30, 23, "down"], "normalized_second_moment": 0.9998640966614127, "sha256": "db2d6c01c5b5b85b8c7d5424c1279210842ea571d39d25e18a015195ce954ecd", "split": "fit"}
{"event": "source_loaded", "key": [30, 23, "up"], "normalized_second_moment": 0.9996920853042108, "sha256": "aa2c3079414380d5ac0c4d78ab6c65477a8578ea126ca87f1f272e559ec9d6a1", "split": "fit"}
{"event": "source_loaded", "key": [30, 103, "down"], "normalized_second_moment": 0.9988398543224982, "sha256": "5c6e15db1f869d02b348ee4d9fc2a9ab2d6ec41fd4dd2aadd69da420676d04db", "split": "fit"}
{"event": "source_loaded", "key": [30, 103, "up"], "normalized_second_moment": 0.9993375148507865, "sha256": "b7b8eba7112524527b1326eef2409d620f38a3d502568f03530b25473c8e739e", "split": "fit"}
{"event": "source_loaded", "key": [31, 0, "down"], "normalized_second_moment": 0.999906165674379, "sha256": "293ac334ce9b6cde3071342866c10ae8e50b6e83e2ec32f4a3de5f1c5aa2137d", "split": "fit"}
{"event": "source_loaded", "key": [31, 0, "up"], "normalized_second_moment": 0.9988738639610758, "sha256": "c897848692ad9b5641e61a114ff06b399553c0108a468cee5c35c61f19484831", "split": "fit"}
Traceback (most recent call last):
  File "/workspace/INT2__compression/silwarp_candidate_c6b5dffd/silwarp_gate.py", line 1607, in <module>
    main()
  File "/workspace/INT2__compression/silwarp_candidate_c6b5dffd/silwarp_gate.py", line 1596, in main
    run_gate(
  File "/workspace/INT2__compression/silwarp_candidate_c6b5dffd/silwarp_gate.py", line 1218, in run_gate
    fit_records = decode_authenticated_records(fit_payloads, "fit")
                  ^^^^^^^^^^^^^^^^^^^^^^^^^^^^^^^^^^^^^^^^^^^^^^^^^
  File "/workspace/INT2__compression/silwarp_candidate_c6b5dffd/silwarp_gate.py", line 180, in decode_authenticated_records
    control, energy = moment_matched_control(key, control_name, moments)
                      ^^^^^^^^^^^^^^^^^^^^^^^^^^^^^^^^^^^^^^^^^^^^^^^^^^
  File "/workspace/INT2__compression/silwarp_candidate_c6b5dffd/silwarp_gate.py", line 126, in moment_matched_control
    raise AssertionError("control serialized mean mismatch")
AssertionError: control serialized mean mismatch
